Microchip MPLAB XC8 Compiler V2.36

Linker command line:

-W-3 --edf=C:\Program Files\Microchip\xc8\v2.36\pic\dat\en_msgs.txt -cn \
  -h+dist/default/production\INTERFACE.production.sym \
  --cmf=dist/default/production\INTERFACE.production.cmf -z -Q18F4620 \
  -oC:\Users\mohamed\AppData\Local\Temp\xcAsb6s.4 --defsym=__MPLAB_BUILD=1 \
  -Mdist/default/production/INTERFACE.production.map \
  --md=C:\Users\mohamed\AppData\Local\Temp\xcAsb6s.dat -E1 \
  -ver=XC8 Compiler --acfsm=1493 -ACODE=00h-0FFFFh -ACONST=00h-0FFFFh \
  -ASMALLCONST=01000h-010FFhx240 -AMEDIUMCONST=01000h-0FFFFh \
  -ACOMRAM=01h-07Fh -AABS1=00h-0F7Fh -ABIGRAM=01h-0F7Fh \
  -ARAM=080h-0FFh,0100h-01FFhx14,0F00h-0F7Fh -ABANK0=080h-0FFh \
  -ABANK1=0100h-01FFh -ABANK2=0200h-02FFh -ABANK3=0300h-03FFh \
  -ABANK4=0400h-04FFh -ABANK5=0500h-05FFh -ABANK6=0600h-06FFh \
  -ABANK7=0700h-07FFh -ABANK8=0800h-08FFh -ABANK9=0900h-09FFh \
  -ABANK10=0A00h-0AFFh -ABANK11=0B00h-0BFFh -ABANK12=0C00h-0CFFh \
  -ABANK13=0D00h-0DFFh -ABANK14=0E00h-0EFFh -ABANK15=0F00h-0F7Fh \
  -ASFR=0F80h-0FFFh -ABIGSFR=0F80h-0FFFh -ACONFIG=0300000h-030000Dh \
  -AIDLOC=0200000h-0200007h -AEEDATA=0F00000h-0F003FFh -peeprom_data=EEDATA \
  -preset_vec=00h,intcode=08h,intcodelo=018h,powerup,init -pramtop=01000h \
  -psmallconst=SMALLCONST -pmediumconst=MEDIUMCONST -pconst=CONST \
  -AFARRAM=00h-00h \
  -prdata=COMRAM,nvrram=COMRAM,nvbit=COMRAM,rbss=COMRAM,rbit=COMRAM \
  -pfarbss=FARRAM,fardata=FARRAM,nvFARRAM=FARRAM \
  -pintsave_regs=BIGRAM,bigbss=BIGRAM,bigdata=BIGRAM -pbss=RAM \
  -pidata=CODE,irdata=CODE,ibigdata=CODE,ifardata=CODE -prparam=COMRAM \
  C:\Users\mohamed\AppData\Local\Temp\xcAsb6s.o \
  dist/default/production\INTERFACE.production.o 

Object code version is 3.11

Machine type is 18F4620



                Name                               Link     Load   Length Selector   Space Scale
C:\Users\mohamed\AppData\Local\Temp\xcAsb6s.o
                idloc                            200000   200000        8        0       5
                config                           300000   300000        E        0       4
                init                                 C6       C6        4        C       0
                reset_vec                             0        0        4        0       0
dist/default/production\INTERFACE.production.o
                intcodelo                            18       18       AE        C       0
                intcode                               8        8        6        4       0
                idloc                            200000   200000        8        0       5
                config                           300000   300000        E        0       4
                temp                                 4B       4B        1        1       1
                smallconst                         1000     1000       30      800       0
                text59                             2174     2174      12C      818       0
                text58                             3406     3406       74      818       0
                text57                             372A     372A       50      818       0
                text56                             34EC     34EC       72      818       0
                text55                             347A     347A       72      818       0
                text54                             288A     288A       C2      818       0
                text53                             2E2A     2E2A       88      818       0
                text52                             31AE     31AE       7C      818       0
                text51                             22A0     22A0      116      818       0
                text50                             392E     392E       30      818       0
                text49                             38FE     38FE       30      818       0
                text48                             38CE     38CE       30      818       0
                intcode_body                       2D06     2D06       96      818       0
                text46                             2042     2042      132      818       0
                text45                             32A4     32A4       7A      818       0
                text44                             3682     3682       56      818       0
                text43                             3130     3130       7E      818       0
                text42                             30B2     30B2       7E      818       0
                text41                             26F4     26F4       CC      818       0
                text40                             2C70     2C70       96      818       0
                text39                             2F34     2F34       82      818       0
                text38                             1F10     1F10      132      818       0
                text37                             389E     389E       30      818       0
                text36                             386E     386E       30      818       0
                text35                             383E     383E       30      818       0
                text33                             3392     3392       74      818       0
                text32                             331E     331E       74      818       0
                text31                             27C0     27C0       CA      818       0
                text30                             2AA0     2AA0       9E      818       0
                text29                             1B52     1B52      14A      818       0
                text28                             2A00     2A00       A0      818       0
                text27                             23B6     23B6       DA      818       0
                text26                             355E     355E       6A      818       0
                text25                             39A2     39A2        6      818       0
                text24                             1DDE     1DDE      132      818       0
                text23                             322A     322A       7A      818       0
                text22                             362C     362C       56      818       0
                text21                             3034     3034       7E      818       0
                text20                             2FB6     2FB6       7E      818       0
                text19                             2628     2628       CC      818       0
                text18                             2BDA     2BDA       96      818       0
                text17                             2EB2     2EB2       82      818       0
                text16                             2B3E     2B3E       9C      818       0
                text15                             1C9C     1C9C      142      818       0
                text14                             1874     1874      178      818       0
                text13                             16EA     16EA      18A      818       0
                text12                             19EC     19EC      166      818       0
                text11                             37C2     37C2       42      818       0
                text10                             39A8     39A8        2      818       0
                text9                              255C     255C       CC      818       0
                text8                              377A     377A       48      818       0
                text7                              3804     3804       3A      818       0
                text6                              2490     2490       CC      818       0
                text5                              1030     1030      2FA      818       0
                text4                              1522     1522      1C8      818       0
                text3                              35C8     35C8       64      818       0
                text2                              36D8     36D8       52      818       0
                text1                              294C     294C       B4      818       0
                text0                              132A     132A      1F8      818       0
                cstackCOMRAM                          1        1       37        1       1
                cstackBANK0                          80       80       34       80       1
                cstackBANK1                         100      100       77      100       1
                dataBANK1                           1A9      1A9       24      100       1
                bssBANK1                            177      177       32      100       1
                dataBANK0                            B4       B4       14       80       1
                bssBANK0                             C8       C8        C       80       1
                dataCOMRAM                           38       38        C        1       1
                bssCOMRAM                            44       44        7        1       1
                cinit                              2D9C     2D9C       8E      818       0
                idataBANK1                         395E     395E       24      818       0
                idataBANK0                         3982     3982       14      818       0
                idataCOMRAM                        3996     3996        C      818       0

TOTAL           Name                               Link     Load   Length     Space
        CLASS   CODE           
                intcodelo                            18       18       AE         0
                intcode                               8        8        6         0
                init                                 C6       C6        4         0
                reset_vec                             0        0        4         0
                text59                             2174     2174      12C         0
                text58                             3406     3406       74         0
                text57                             372A     372A       50         0
                text56                             34EC     34EC       72         0
                text55                             347A     347A       72         0
                text54                             288A     288A       C2         0
                text53                             2E2A     2E2A       88         0
                text52                             31AE     31AE       7C         0
                text51                             22A0     22A0      116         0
                text50                             392E     392E       30         0
                text49                             38FE     38FE       30         0
                text48                             38CE     38CE       30         0
                intcode_body                       2D06     2D06       96         0
                text46                             2042     2042      132         0
                text45                             32A4     32A4       7A         0
                text44                             3682     3682       56         0
                text43                             3130     3130       7E         0
                text42                             30B2     30B2       7E         0
                text41                             26F4     26F4       CC         0
                text40                             2C70     2C70       96         0
                text39                             2F34     2F34       82         0
                text38                             1F10     1F10      132         0
                text37                             389E     389E       30         0
                text36                             386E     386E       30         0
                text35                             383E     383E       30         0
                text33                             3392     3392       74         0
                text32                             331E     331E       74         0
                text31                             27C0     27C0       CA         0
                text30                             2AA0     2AA0       9E         0
                text29                             1B52     1B52      14A         0
                text28                             2A00     2A00       A0         0
                text27                             23B6     23B6       DA         0
                text26                             355E     355E       6A         0
                text25                             39A2     39A2        6         0
                text24                             1DDE     1DDE      132         0
                text23                             322A     322A       7A         0
                text22                             362C     362C       56         0
                text21                             3034     3034       7E         0
                text20                             2FB6     2FB6       7E         0
                text19                             2628     2628       CC         0
                text18                             2BDA     2BDA       96         0
                text17                             2EB2     2EB2       82         0
                text16                             2B3E     2B3E       9C         0
                text15                             1C9C     1C9C      142         0
                text14                             1874     1874      178         0
                text13                             16EA     16EA      18A         0
                text12                             19EC     19EC      166         0
                text11                             37C2     37C2       42         0
                text10                             39A8     39A8        2         0
                text9                              255C     255C       CC         0
                text8                              377A     377A       48         0
                text7                              3804     3804       3A         0
                text6                              2490     2490       CC         0
                text5                              1030     1030      2FA         0
                text4                              1522     1522      1C8         0
                text3                              35C8     35C8       64         0
                text2                              36D8     36D8       52         0
                text1                              294C     294C       B4         0
                text0                              132A     132A      1F8         0
                cinit                              2D9C     2D9C       8E         0
                idataBANK1                         395E     395E       24         0
                idataBANK0                         3982     3982       14         0
                idataCOMRAM                        3996     3996        C         0

        CLASS   CONST          

        CLASS   SMALLCONST     
                smallconst                         1000     1000       30         0

        CLASS   MEDIUMCONST    

        CLASS   COMRAM         
                temp                                 4B       4B        1         1
                cstackCOMRAM                          1        1       37         1
                dataCOMRAM                           38       38        C         1
                bssCOMRAM                            44       44        7         1

        CLASS   ABS1           

        CLASS   BIGRAM         

        CLASS   RAM            

        CLASS   BANK0          
                cstackBANK0                          80       80       34         1
                dataBANK0                            B4       B4       14         1
                bssBANK0                             C8       C8        C         1

        CLASS   BANK1          
                cstackBANK1                         100      100       77         1
                dataBANK1                           1A9      1A9       24         1
                bssBANK1                            177      177       32         1

        CLASS   BANK2          

        CLASS   BANK3          

        CLASS   BANK4          

        CLASS   BANK5          

        CLASS   BANK6          

        CLASS   BANK7          

        CLASS   BANK8          

        CLASS   BANK9          

        CLASS   BANK10         

        CLASS   BANK11         

        CLASS   BANK12         

        CLASS   BANK13         

        CLASS   BANK14         

        CLASS   BANK15         

        CLASS   SFR            

        CLASS   BIGSFR         

        CLASS   CONFIG         
                config                           300000   300000        E         4

        CLASS   IDLOC          
                idloc                            200000   200000        8         5

        CLASS   EEDATA         

        CLASS   FARRAM         

        CLASS   HEAP           

        CLASS   STACK          



SEGMENTS        Name                           Load    Length   Top    Selector   Space  Class

                reset_vec                      000000  000004  000004         0       0  CODE    
                cstackCOMRAM                   000001  00004B  00004C         1       1  COMRAM  
                intcode                        000008  000006  00000E         4       0  CODE    
                intcodelo                      000018  0000B2  0000CA         C       0  CODE    
                cstackBANK0                    000080  000054  0000D4        80       1  BANK0   
                cstackBANK1                    000100  0000CD  0001CD       100       1  BANK1   
                smallconst                     001000  000030  001030       800       0  SMALLCON
                text5                          001030  00297A  0039AA       818       0  CODE    


UNUSED ADDRESS RANGES

        Name                Unused          Largest block    Delta
        BANK0            0000D4-0000FF               2C
        BANK1            0001CD-0001FF               33
        BANK10           000A00-000AFF              100
        BANK11           000B00-000BFF              100
        BANK12           000C00-000CFF              100
        BANK13           000D00-000DFF              100
        BANK14           000E00-000EFF              100
        BANK15           000F00-000F7F               80
        BANK2            000200-0002FF              100
        BANK3            000300-0003FF              100
        BANK4            000400-0004FF              100
        BANK5            000500-0005FF              100
        BANK6            000600-0006FF              100
        BANK7            000700-0007FF              100
        BANK8            000800-0008FF              100
        BANK9            000900-0009FF              100
        BIGRAM           00004C-00007F               34
                         0000D4-0000FF               2C
                         0001CD-000F7F              DB3
        BIGSFR           000F80-000FFF               80
        CODE             000004-000007                4
                         00000E-000017                A
                         0000CA-000FFF              F36
                         0039AA-00FFFF             C656
        COMRAM           00004C-00007F               34
        CONST            000004-000007                4
                         00000E-000017                A
                         0000CA-000FFF              F36
                         0039AA-00FFFF             C656
        EEDATA           F00000-F003FF              400
        MEDIUMCONST      0039AA-00FFFF             C656
        RAM              0000D4-0000FF               2C
                         0001CD-000F7F              100
        SFR              000F80-000FFF               80
        SMALLCONST       0039AA-00FFFF              100

                                  Symbol Table

?___aodiv                           cstackBANK1  000100
?___aomod                           cstackBANK1  000100
?_abs                               cstackBANK1  000112
?_dtoa                              cstackBANK1  00011B
?_pad                               cstackBANK1  000110
?_sprintf                           cstackBANK1  000157
?_strlen                            cstackBANK1  000100
?_vfpfcnvrt                         cstackBANK1  00013F
?_vfprintf                          cstackBANK1  00014F
INTX_clear_flag@int_obj             cstackBANK1  000100
INTX_clear_flag@ret                 cstackBANK1  000104
INTX_disable@int_obj                cstackBANK1  000100
INTX_disable@ret                    cstackBANK1  000104
INTX_enable@int_obj                 cstackBANK1  000100
INTX_enable@ret                     cstackBANK1  000104
INTX_interrupt_handle@int_obj       cstackBANK1  000100
INTX_interrupt_handle@ret           cstackBANK1  000104
INTX_pin_init@int_obj               cstackBANK1  000109
INTX_pin_init@ret                   cstackBANK1  00010D
INTX_select_edge@int_obj            cstackBANK1  000100
INTX_select_edge@ret                cstackBANK1  000104
Interrupt_INTx_Init@int_obj         cstackBANK1  00010E
Interrupt_INTx_Init@ret             cstackBANK1  000110
_INTCON2bits                        (abs)        000FF1
_INTCON3bits                        (abs)        000FF0
_INTCONbits                         (abs)        000FF2
_INTX_clear_flag                    text33       003392
_INTX_disable                       text32       00331E
_INTX_enable                        text31       0027C0
_INTX_interrupt_handle              text30       002AA0
_INTX_pin_init                      text28       002A00
_INTX_select_edge                   text27       0023B6
_INT_0_ISR                          text37       00389E
_INT_1_ISR                          text36       00386E
_INT_2_ISR                          text35       00383E
_InterruptManagerHigh               intcode      000008
_InterruptManagerLow                intcodelo    000018
_Interrupt_INTx_Init                text26       00355E
_LATA                               (abs)        000F89
_LATB                               (abs)        000F8A
_LATC                               (abs)        000F8B
_LATD                               (abs)        000F8C
_LATE                               (abs)        000F8D
_LAT_array                          dataBANK0    0000B4
_OSCCON                             (abs)        000FD3
_PIR1bits                           (abs)        000F9E
_PORTA                              (abs)        000F80
_PORTB                              (abs)        000F81
_PORTC                              (abs)        000F82
_PORTD                              (abs)        000F83
_PORTE                              (abs)        000F84
_PORT_array                         dataCOMRAM   000038
_RCONbits                           (abs)        000FD0
_T1CON                              (abs)        000FCD
_T1CONbits                          (abs)        000FCD
_TMR1                               (abs)        000FCE
_TMR1IF                             (abs)        007CF0
_TMR1ON                             (abs)        007E68
_TRISA                              (abs)        000F92
_TRISB                              (abs)        000F93
_TRISC                              (abs)        000F94
_TRISD                              (abs)        000F95
_TRISE                              (abs)        000F96
_TRIS_array                         dataBANK0    0000BE
_Timer1_init                        text25       0039A2
__HRAM                              (abs)        000000
__Habs1                             abs1         000000
__Hbank0                            bank0        000000
__Hbank1                            bank1        000000
__Hbank10                           bank10       000000
__Hbank11                           bank11       000000
__Hbank12                           bank12       000000
__Hbank13                           bank13       000000
__Hbank14                           bank14       000000
__Hbank15                           bank15       000000
__Hbank2                            bank2        000000
__Hbank3                            bank3        000000
__Hbank4                            bank4        000000
__Hbank5                            bank5        000000
__Hbank6                            bank6        000000
__Hbank7                            bank7        000000
__Hbank8                            bank8        000000
__Hbank9                            bank9        000000
__Hbigbss                           bigbss       000000
__Hbigdata                          bigdata      000000
__Hbigram                           bigram       000000
__Hbigsfr                           bigsfr       000000
__Hbss                              bss          000000
__HbssBANK0                         bssBANK0     000000
__HbssBANK1                         bssBANK1     000000
__HbssCOMRAM                        bssCOMRAM    000000
__Hcinit                            cinit        000000
__Hclrtext                          clrtext      000000
__Hcomram                           comram       000000
__Hconfig                           config       30000E
__Hconst                            const        000000
__HcstackBANK0                      cstackBANK0  000000
__HcstackBANK1                      cstackBANK1  000000
__HcstackCOMRAM                     cstackCOMRAM 000000
__Hdata                             data         000000
__HdataBANK0                        dataBANK0    000000
__HdataBANK1                        dataBANK1    000000
__HdataCOMRAM                       dataCOMRAM   000000
__Heeprom_data                      eeprom_data  000000
__Hfarbss                           farbss       000000
__Hfardata                          fardata      000000
__Hheap                             heap         000000
__Hibigdata                         ibigdata     000000
__Hidata                            idata        000000
__HidataBANK0                       idataBANK0   000000
__HidataBANK1                       idataBANK1   000000
__HidataCOMRAM                      idataCOMRAM  000000
__Hidloc                            idloc        200008
__Hifardata                         ifardata     000000
__Hinit                             init         0000CA
__Hintcode                          intcode      00000E
__Hintcode_body                     intcode_body 000000
__Hintcodelo                        intcodelo    0000C6
__Hintentry                         intentry     000000
__Hintret                           intret       000000
__Hintsave_regs                     intsave_regs 000000
__Hirdata                           irdata       000000
__Hmediumconst                      mediumconst  000000
__HnvFARRAM                         nvFARRAM     000000
__Hnvbit                            nvbit        000000
__Hnvrram                           nvrram       000000
__Hparam                            rparam       000000
__Hpowerup                          powerup      0000C6
__Hram                              ram          000000
__Hramtop                           ramtop       001000
__Hrbit                             rbit         000000
__Hrbss                             rbss         000000
__Hrdata                            rdata        000000
__Hreset_vec                        reset_vec    000004
__Hrparam                           rparam       000000
__Hsfr                              sfr          000000
__Hsmallconst                       smallconst   001030
__Hspace_0                          (abs)        0039AA
__Hspace_1                          (abs)        0001CD
__Hspace_2                          (abs)        000000
__Hspace_4                          (abs)        60000E
__Hstack                            stack        000000
__Hstruct                           struct       000000
__Htemp                             temp         00004C
__Htext                             text         000000
__Htext0                            text0        000000
__Htext1                            text1        000000
__Htext10                           text10       000000
__Htext11                           text11       000000
__Htext12                           text12       000000
__Htext13                           text13       000000
__Htext14                           text14       000000
__Htext15                           text15       000000
__Htext16                           text16       000000
__Htext17                           text17       000000
__Htext18                           text18       000000
__Htext19                           text19       000000
__Htext2                            text2        000000
__Htext20                           text20       000000
__Htext21                           text21       000000
__Htext22                           text22       000000
__Htext23                           text23       000000
__Htext24                           text24       000000
__Htext25                           text25       000000
__Htext26                           text26       000000
__Htext27                           text27       000000
__Htext28                           text28       000000
__Htext29                           text29       000000
__Htext3                            text3        000000
__Htext30                           text30       000000
__Htext31                           text31       000000
__Htext32                           text32       000000
__Htext33                           text33       000000
__Htext35                           text35       000000
__Htext36                           text36       000000
__Htext37                           text37       000000
__Htext38                           text38       000000
__Htext39                           text39       000000
__Htext4                            text4        000000
__Htext40                           text40       000000
__Htext41                           text41       000000
__Htext42                           text42       000000
__Htext43                           text43       000000
__Htext44                           text44       000000
__Htext45                           text45       000000
__Htext46                           text46       000000
__Htext48                           text48       000000
__Htext49                           text49       000000
__Htext5                            text5        000000
__Htext50                           text50       000000
__Htext51                           text51       000000
__Htext52                           text52       000000
__Htext53                           text53       000000
__Htext54                           text54       000000
__Htext55                           text55       000000
__Htext56                           text56       000000
__Htext57                           text57       000000
__Htext58                           text58       000000
__Htext59                           text59       000000
__Htext6                            text6        000000
__Htext60                           text60       000000
__Htext7                            text7        000000
__Htext8                            text8        000000
__Htext9                            text9        000000
__LRAM                              (abs)        000001
__Labs1                             abs1         000000
__Lbank0                            bank0        000000
__Lbank1                            bank1        000000
__Lbank10                           bank10       000000
__Lbank11                           bank11       000000
__Lbank12                           bank12       000000
__Lbank13                           bank13       000000
__Lbank14                           bank14       000000
__Lbank15                           bank15       000000
__Lbank2                            bank2        000000
__Lbank3                            bank3        000000
__Lbank4                            bank4        000000
__Lbank5                            bank5        000000
__Lbank6                            bank6        000000
__Lbank7                            bank7        000000
__Lbank8                            bank8        000000
__Lbank9                            bank9        000000
__Lbigbss                           bigbss       000000
__Lbigdata                          bigdata      000000
__Lbigram                           bigram       000000
__Lbigsfr                           bigsfr       000000
__Lbss                              bss          000000
__LbssBANK0                         bssBANK0     000000
__LbssBANK1                         bssBANK1     000000
__LbssCOMRAM                        bssCOMRAM    000000
__Lcinit                            cinit        000000
__Lclrtext                          clrtext      000000
__Lcomram                           comram       000000
__Lconfig                           config       000000
__Lconst                            const        000000
__LcstackBANK0                      cstackBANK0  000000
__LcstackBANK1                      cstackBANK1  000000
__LcstackCOMRAM                     cstackCOMRAM 000000
__Ldata                             data         000000
__LdataBANK0                        dataBANK0    000000
__LdataBANK1                        dataBANK1    000000
__LdataCOMRAM                       dataCOMRAM   000000
__Leeprom_data                      eeprom_data  000000
__Lfarbss                           farbss       000000
__Lfardata                          fardata      000000
__Lheap                             heap         000000
__Libigdata                         ibigdata     000000
__Lidata                            idata        000000
__LidataBANK0                       idataBANK0   000000
__LidataBANK1                       idataBANK1   000000
__LidataCOMRAM                      idataCOMRAM  000000
__Lidloc                            idloc        000000
__Lifardata                         ifardata     000000
__Linit                             init         0000C6
__Lintcode                          intcode      000008
__Lintcode_body                     intcode_body 000000
__Lintcodelo                        intcodelo    000018
__Lintentry                         intentry     000000
__Lintret                           intret       000000
__Lintsave_regs                     intsave_regs 000000
__Lirdata                           irdata       000000
__Lmediumconst                      mediumconst  000000
__LnvFARRAM                         nvFARRAM     000000
__Lnvbit                            nvbit        000000
__Lnvrram                           nvrram       000000
__Lparam                            rparam       000000
__Lpowerup                          powerup      0000C6
__Lram                              ram          000000
__Lramtop                           ramtop       001000
__Lrbit                             rbit         000000
__Lrbss                             rbss         000000
__Lrdata                            rdata        000000
__Lreset_vec                        reset_vec    000000
__Lrparam                           rparam       000000
__Lsfr                              sfr          000000
__Lsmallconst                       smallconst   001000
__Lspace_0                          (abs)        000000
__Lspace_1                          (abs)        000000
__Lspace_2                          (abs)        000000
__Lspace_4                          (abs)        000000
__Lstack                            stack        000000
__Lstruct                           struct       000000
__Ltemp                             temp         00004B
__Ltext                             text         000000
__Ltext0                            text0        000000
__Ltext1                            text1        000000
__Ltext10                           text10       000000
__Ltext11                           text11       000000
__Ltext12                           text12       000000
__Ltext13                           text13       000000
__Ltext14                           text14       000000
__Ltext15                           text15       000000
__Ltext16                           text16       000000
__Ltext17                           text17       000000
__Ltext18                           text18       000000
__Ltext19                           text19       000000
__Ltext2                            text2        000000
__Ltext20                           text20       000000
__Ltext21                           text21       000000
__Ltext22                           text22       000000
__Ltext23                           text23       000000
__Ltext24                           text24       000000
__Ltext25                           text25       000000
__Ltext26                           text26       000000
__Ltext27                           text27       000000
__Ltext28                           text28       000000
__Ltext29                           text29       000000
__Ltext3                            text3        000000
__Ltext30                           text30       000000
__Ltext31                           text31       000000
__Ltext32                           text32       000000
__Ltext33                           text33       000000
__Ltext35                           text35       000000
__Ltext36                           text36       000000
__Ltext37                           text37       000000
__Ltext38                           text38       000000
__Ltext39                           text39       000000
__Ltext4                            text4        000000
__Ltext40                           text40       000000
__Ltext41                           text41       000000
__Ltext42                           text42       000000
__Ltext43                           text43       000000
__Ltext44                           text44       000000
__Ltext45                           text45       000000
__Ltext46                           text46       000000
__Ltext48                           text48       000000
__Ltext49                           text49       000000
__Ltext5                            text5        000000
__Ltext50                           text50       000000
__Ltext51                           text51       000000
__Ltext52                           text52       000000
__Ltext53                           text53       000000
__Ltext54                           text54       000000
__Ltext55                           text55       000000
__Ltext56                           text56       000000
__Ltext57                           text57       000000
__Ltext58                           text58       000000
__Ltext59                           text59       000000
__Ltext6                            text6        000000
__Ltext60                           text60       000000
__Ltext7                            text7        000000
__Ltext8                            text8        000000
__Ltext9                            text9        000000
__S0                                (abs)        0039AA
__S1                                (abs)        0001CD
__S4                                (abs)        000000
__S5                                (abs)        000000
___aodiv                            text13       0016EA
___aodiv@counter                    cstackBANK1  000110
___aodiv@dividend                   cstackBANK1  000100
___aodiv@divisor                    cstackBANK1  000108
___aodiv@quotient                   cstackBANK1  000112
___aodiv@sign                       cstackBANK1  000111
___aomod                            text12       0019EC
___aomod@counter                    cstackBANK1  000110
___aomod@dividend                   cstackBANK1  000100
___aomod@divisor                    cstackBANK1  000108
___aomod@sign                       cstackBANK1  000111
___heap_hi                          (abs)        000000
___heap_lo                          (abs)        000000
___inthi_sp                         stack        000000
___intlo_sp                         stack        000000
___param_bank                       (abs)        000000
___rparam_used                      (abs)        000001
___sp                               stack        000000
__accesstop                         (abs)        000080
__activetblptr                      (abs)        000003
__end_of_INTX_clear_flag            text33       003406
__end_of_INTX_disable               text32       003392
__end_of_INTX_enable                text31       00288A
__end_of_INTX_interrupt_handle      text30       002B3E
__end_of_INTX_pin_init              text28       002AA0
__end_of_INTX_select_edge           text27       002490
__end_of_INT_0_ISR                  text37       0038CE
__end_of_INT_1_ISR                  text36       00389E
__end_of_INT_2_ISR                  text35       00386E
__end_of_InterruptManagerHigh       intcode_body 002D9C
__end_of_InterruptManagerLow        intcodelo    0000C6
__end_of_Interrupt_INTx_Init        text26       0035C8
__end_of_Timer1_init                text25       0039A8
__end_of___aodiv                    text13       001874
__end_of___aomod                    text12       001B52
__end_of__initialization            cinit        002E20
__end_of_abs                        text11       003804
__end_of_buttons_array              smallconst   001011
__end_of_display_char               text21       0030B2
__end_of_display_char_at_position   text18       002C70
__end_of_display_custom_char        text17       002F34
__end_of_display_string_at_position text16       002BDA
__end_of_dtoa                       text5        00132A
__end_of_fputc                      text9        002628
__end_of_fputs                      text8        0037C2
__end_of_int_1_handler              text38       002042
__end_of_lcd_4_bit_init             text15       001DDE
__end_of_lcd_4_bit_set_cursor       text19       0026F4
__end_of_lcd_send_4bits             text23       0032A4
__end_of_lcd_send_enable_4bit       text22       003682
__end_of_main                       text0        001522
__end_of_memset                     text14       0019EC
__end_of_pad                        text6        00255C
__end_of_pin_directoin_intialize    text29       001C9C
__end_of_pin_write_value            text24       001F10
__end_of_putch                      text10       0039AA
__end_of_send_command               text20       003034
__end_of_short_to_string            text1        002A00
__end_of_sprintf                    text2        00372A
__end_of_strlen                     text7        00383E
__end_of_vfpfcnvrt                  text4        0016EA
__end_of_vfprintf                   text3        00362C
__end_ofi1_display_char             text43       0031AE
__end_ofi1_display_char_at_position text40       002D06
__end_ofi1_display_custom_char      text39       002FB6
__end_ofi1_lcd_4_bit_set_cursor     text41       0027C0
__end_ofi1_lcd_send_4bits           text45       00331E
__end_ofi1_lcd_send_enable_4bit     text44       0036D8
__end_ofi1_pin_write_value          text46       002174
__end_ofi1_send_command             text42       003130
__end_ofi2_INT_0_ISR                text50       00395E
__end_ofi2_INT_1_ISR                text49       00392E
__end_ofi2_INT_2_ISR                text48       0038FE
__end_ofi2_display_char             text56       00355E
__end_ofi2_display_char_at_position text53       002EB2
__end_ofi2_display_custom_char      text52       00322A
__end_ofi2_int_1_handler            text51       0023B6
__end_ofi2_lcd_4_bit_set_cursor     text54       00294C
__end_ofi2_lcd_send_4bits           text58       00347A
__end_ofi2_lcd_send_enable_4bit     text57       00377A
__end_ofi2_pin_write_value          text59       0022A0
__end_ofi2_send_command             text55       0034EC
__initialization                    cinit        002D9C
__mediumconst                       mediumconst  000000
__pbssBANK0                         bssBANK0     0000C8
__pbssBANK1                         bssBANK1     000177
__pbssCOMRAM                        bssCOMRAM    000044
__pcinit                            cinit        002D9C
__pcstackBANK0                      cstackBANK0  000080
__pcstackBANK1                      cstackBANK1  000100
__pcstackCOMRAM                     cstackCOMRAM 000001
__pdataBANK0                        dataBANK0    0000B4
__pdataBANK1                        dataBANK1    0001A9
__pdataCOMRAM                       dataCOMRAM   000038
__pidataBANK0                       idataBANK0   003982
__pidataBANK1                       idataBANK1   00395E
__pidataCOMRAM                      idataCOMRAM  003996
__pintcode                          intcode      000008
__pintcode_body                     intcode_body 002D06
__pintcodelo                        intcodelo    000018
__psmallconst                       smallconst   001000
__ptext0                            text0        00132A
__ptext1                            text1        00294C
__ptext10                           text10       0039A8
__ptext11                           text11       0037C2
__ptext12                           text12       0019EC
__ptext13                           text13       0016EA
__ptext14                           text14       001874
__ptext15                           text15       001C9C
__ptext16                           text16       002B3E
__ptext17                           text17       002EB2
__ptext18                           text18       002BDA
__ptext19                           text19       002628
__ptext2                            text2        0036D8
__ptext20                           text20       002FB6
__ptext21                           text21       003034
__ptext22                           text22       00362C
__ptext23                           text23       00322A
__ptext24                           text24       001DDE
__ptext25                           text25       0039A2
__ptext26                           text26       00355E
__ptext27                           text27       0023B6
__ptext28                           text28       002A00
__ptext29                           text29       001B52
__ptext3                            text3        0035C8
__ptext30                           text30       002AA0
__ptext31                           text31       0027C0
__ptext32                           text32       00331E
__ptext33                           text33       003392
__ptext35                           text35       00383E
__ptext36                           text36       00386E
__ptext37                           text37       00389E
__ptext38                           text38       001F10
__ptext39                           text39       002F34
__ptext4                            text4        001522
__ptext40                           text40       002C70
__ptext41                           text41       0026F4
__ptext42                           text42       0030B2
__ptext43                           text43       003130
__ptext44                           text44       003682
__ptext45                           text45       0032A4
__ptext46                           text46       002042
__ptext48                           text48       0038CE
__ptext49                           text49       0038FE
__ptext5                            text5        001030
__ptext50                           text50       00392E
__ptext51                           text51       0022A0
__ptext52                           text52       0031AE
__ptext53                           text53       002E2A
__ptext54                           text54       00288A
__ptext55                           text55       00347A
__ptext56                           text56       0034EC
__ptext57                           text57       00372A
__ptext58                           text58       003406
__ptext59                           text59       002174
__ptext6                            text6        002490
__ptext60                           text60       000000
__ptext7                            text7        003804
__ptext8                            text8        00377A
__ptext9                            text9        00255C
__ramtop                            ramtop       001000
__smallconst                        smallconst   001000
_abs                                text11       0037C2
_cactus                             dataBANK1    0001B1
_counter                            bssBANK1     00017F
_dbuf                               bssBANK1     000182
_dinasour                           dataBANK1    0001B9
_display_char                       text21       003034
_display_char_at_position           text18       002BDA
_display_custom_char                text17       002EB2
_display_string_at_position         text16       002B3E
_dtoa                               text5        001030
_dtoa$1863                          cstackBANK1  00012D
_flags                              bssBANK0     0000CC
_fputc                              text9        00255C
_fputs                              text8        00377A
_ground                             dataBANK1    0001A9
_int0_handler                       bssBANK0     0000D2
_int1_handler                       bssBANK0     0000D0
_int2_handler                       bssBANK0     0000CE
_int_1_handler                      text38       001F10
_int_1_handler$intlevel1            text38       001F1A
_int_t                              dataBANK1    0001C7
_lcd                                dataBANK1    0001C1
_lcd_4_bit_init                     text15       001C9C
_lcd_4_bit_set_cursor               text19       002628
_lcd_send_4bits                     text23       00322A
_lcd_send_enable_4bit               text22       00362C
_main                               text0        00132A
_memset                             text14       001874
_nout                               bssBANK1     00017D
_num                                bssBANK1     0001A2
_operator                           dataCOMRAM   000042
_pad                                text6        002490
_pin_directoin_intialize            text29       001B52
_pin_write_value                    text24       001DDE
_prec                               bssBANK0     0000CA
_putch                              text10       0039A8
_send_command                       text20       002FB6
_short_to_string                    text1        00294C
_speed                              dataCOMRAM   000043
_sprintf                            text2        0036D8
_strlen                             text7        003804
_vfpfcnvrt                          text4        001522
_vfprintf                           text3        0035C8
_width                              bssBANK0     0000C8
_x                                  bssBANK1     000181
_y                                  bssBANK1     000180
abs@a                               cstackBANK1  000112
btemp                               temp         00004B
display_char@data                   cstackBANK1  000115
display_char@lcd                    cstackBANK1  000113
display_char@ret                    cstackBANK1  000116
display_char_at_position@coloumn    cstackBANK1  000121
display_char_at_position@data       cstackBANK1  000122
display_char_at_position@lcd        cstackBANK1  00011E
display_char_at_position@ret        cstackBANK1  000123
display_char_at_position@row        cstackBANK1  000120
display_custom_char@cloumn          cstackBANK1  000127
display_custom_char@counter         cstackBANK1  00012B
display_custom_char@data            cstackBANK1  000128
display_custom_char@lcd             cstackBANK1  000124
display_custom_char@mem_pos         cstackBANK1  00012A
display_custom_char@row             cstackBANK1  000126
display_string_at_position@coloumn  cstackBANK1  000121
display_string_at_position@data     cstackBANK1  000122
display_string_at_position@lcd      cstackBANK1  00011E
display_string_at_position@row      cstackBANK1  000120
dtoa@d                              cstackBANK1  00011D
dtoa@fp                             cstackBANK1  00011B
dtoa@i                              cstackBANK1  00013D
dtoa@n                              cstackBANK1  000135
dtoa@p                              cstackBANK1  00012F
dtoa@s                              cstackBANK1  000133
dtoa@w                              cstackBANK1  000131
end_of_initialization               cinit        002E20
fputc@c                             cstackBANK1  000100
fputc@fp                            cstackBANK1  000102
fputs@c                             cstackBANK1  00010D
fputs@fp                            cstackBANK1  00010B
fputs@i                             cstackBANK1  00010E
fputs@s                             cstackBANK1  000109
i1_display_char                     text43       003130
i1_display_char_at_position         text40       002C70
i1_display_custom_char              text39       002F34
i1_lcd_4_bit_set_cursor             text41       0026F4
i1_lcd_send_4bits                   text45       0032A4
i1_lcd_send_enable_4bit             text44       003682
i1_pin_write_value                  text46       002042
i1_send_command                     text42       0030B2
i1display_char@data                 cstackBANK0  000092
i1display_char@lcd                  cstackBANK0  000090
i1display_char@ret                  cstackBANK0  000093
i1display_char_at_position@coloumn  cstackBANK0  00009E
i1display_char_at_position@data     cstackBANK0  00009F
i1display_char_at_position@lcd      cstackBANK0  00009B
i1display_char_at_position@ret      cstackBANK0  0000A0
i1display_char_at_position@row      cstackBANK0  00009D
i1display_custom_char@cloumn        cstackBANK0  0000A4
i1display_custom_char@counter       cstackBANK0  0000A8
i1display_custom_char@data          cstackBANK0  0000A5
i1display_custom_char@lcd           cstackBANK0  0000A1
i1display_custom_char@mem_pos       cstackBANK0  0000A7
i1display_custom_char@row           cstackBANK0  0000A3
i1lcd_4_bit_set_cursor@column       cstackBANK0  000097
i1lcd_4_bit_set_cursor@lcd          cstackBANK0  000094
i1lcd_4_bit_set_cursor@ret          cstackBANK0  00009A
i1lcd_4_bit_set_cursor@row          cstackBANK0  000096
i1lcd_send_4bits@_data_command      cstackBANK0  000089
i1lcd_send_4bits@counter            cstackBANK0  00008F
i1lcd_send_4bits@lcd                cstackBANK0  000087
i1lcd_send_4bits@ret                cstackBANK0  00008E
i1lcd_send_enable_4bit@lcd          cstackBANK0  000087
i1lcd_send_enable_4bit@ret          cstackBANK0  000089
i1pin_write_value@pin               cstackCOMRAM 000035
i1pin_write_value@ret               cstackBANK0  000086
i1pin_write_value@value             cstackCOMRAM 000037
i1send_command@command              cstackBANK0  000092
i1send_command@lcd                  cstackBANK0  000090
i1send_command@ret                  cstackBANK0  000093
i2_INT_0_ISR                        text50       00392E
i2_INT_1_ISR                        text49       0038FE
i2_INT_2_ISR                        text48       0038CE
i2_display_char                     text56       0034EC
i2_display_char_at_position         text53       002E2A
i2_display_custom_char              text52       0031AE
i2_int_1_handler                    text51       0022A0
i2_lcd_4_bit_set_cursor             text54       00288A
i2_lcd_send_4bits                   text58       003406
i2_lcd_send_enable_4bit             text57       00372A
i2_pin_write_value                  text59       002174
i2_send_command                     text55       00347A
i2display_char@data                 cstackCOMRAM 000016
i2display_char@lcd                  cstackCOMRAM 000014
i2display_char@ret                  cstackCOMRAM 000017
i2display_char_at_position@coloumn  cstackCOMRAM 000022
i2display_char_at_position@data     cstackCOMRAM 000023
i2display_char_at_position@lcd      cstackCOMRAM 00001F
i2display_char_at_position@ret      cstackCOMRAM 000024
i2display_char_at_position@row      cstackCOMRAM 000021
i2display_custom_char@cloumn        cstackCOMRAM 000028
i2display_custom_char@counter       cstackCOMRAM 00002C
i2display_custom_char@data          cstackCOMRAM 000029
i2display_custom_char@lcd           cstackCOMRAM 000025
i2display_custom_char@mem_pos       cstackCOMRAM 00002B
i2display_custom_char@row           cstackCOMRAM 000027
i2lcd_4_bit_set_cursor@column       cstackCOMRAM 00001B
i2lcd_4_bit_set_cursor@lcd          cstackCOMRAM 000018
i2lcd_4_bit_set_cursor@ret          cstackCOMRAM 00001E
i2lcd_4_bit_set_cursor@row          cstackCOMRAM 00001A
i2lcd_send_4bits@_data_command      cstackCOMRAM 00000D
i2lcd_send_4bits@counter            cstackCOMRAM 000013
i2lcd_send_4bits@lcd                cstackCOMRAM 00000B
i2lcd_send_4bits@ret                cstackCOMRAM 000012
i2lcd_send_enable_4bit@lcd          cstackCOMRAM 00000B
i2lcd_send_enable_4bit@ret          cstackCOMRAM 00000D
i2pin_write_value@pin               cstackCOMRAM 000001
i2pin_write_value@ret               cstackCOMRAM 00000A
i2pin_write_value@value             cstackCOMRAM 000003
i2send_command@command              cstackCOMRAM 000016
i2send_command@lcd                  cstackCOMRAM 000014
i2send_command@ret                  cstackCOMRAM 000017
int$flags                           temp         00004B
int_func                            intcode_body 002D06
intlevel0                           text         000000
intlevel1                           text         000000
intlevel2                           text         000000
intlevel3                           text         000000
isa$std                             (abs)        000001
isa$xinst                           (abs)        000000
lcd_4_bit_init@counter              cstackBANK1  00011B
lcd_4_bit_init@lcd                  cstackBANK1  000117
lcd_4_bit_init@ret                  cstackBANK1  00011C
lcd_4_bit_set_cursor@column         cstackBANK1  00011A
lcd_4_bit_set_cursor@lcd            cstackBANK1  000117
lcd_4_bit_set_cursor@ret            cstackBANK1  00011D
lcd_4_bit_set_cursor@row            cstackBANK1  000119
lcd_send_4bits@_data_command        cstackBANK1  00010C
lcd_send_4bits@counter              cstackBANK1  000112
lcd_send_4bits@lcd                  cstackBANK1  00010A
lcd_send_4bits@ret                  cstackBANK1  000111
lcd_send_enable_4bit@lcd            cstackBANK1  00010A
lcd_send_enable_4bit@ret            cstackBANK1  00010C
led_init@F3011                      bssCOMRAM    00004A
led_toggle@F3026                    bssCOMRAM    000047
led_turn_off@F3021                  bssCOMRAM    000048
led_turn_on@F3016                   bssCOMRAM    000049
memset@c                            cstackBANK1  000102
memset@dest                         cstackBANK1  000100
memset@k                            cstackBANK1  000108
memset@n                            cstackBANK1  000104
memset@s                            cstackBANK1  00010A
pad@buf                             cstackBANK1  000112
pad@fp                              cstackBANK1  000110
pad@i                               cstackBANK1  000117
pad@p                               cstackBANK1  000114
pad@w                               cstackBANK1  000119
pin_directoin_intialize@pin         cstackBANK1  000100
pin_directoin_intialize@ret         cstackBANK1  000108
pin_write_value@pin                 cstackBANK1  000100
pin_write_value@ret                 cstackBANK1  000109
pin_write_value@value               cstackBANK1  000102
relay_init@F3005                    bssCOMRAM    000046
relay_off@F3015                     bssCOMRAM    000044
relay_on@F3010                      bssCOMRAM    000045
send_command@command                cstackBANK1  000115
send_command@lcd                    cstackBANK1  000113
send_command@ret                    cstackBANK1  000116
short_to_string@DataCounter         cstackBANK1  000174
short_to_string@Temp                cstackBANK1  00016E
short_to_string@data                cstackBANK1  00016A
short_to_string@str                 cstackBANK1  00016C
sprintf@ap                          cstackBANK1  00015D
sprintf@f                           cstackBANK1  00015F
sprintf@fmt                         cstackBANK1  000159
sprintf@s                           cstackBANK1  000157
stackhi                             (abs)        000000
stacklo                             (abs)        000000
start                               init         0000C6
start_initialization                cinit        002D9C
strlen@a                            cstackBANK1  000102
strlen@s                            cstackBANK1  000100
ttemp5                              temp         00004C
ttemp6                              temp         00004F
ttemp7                              temp         000053
vfpfcnvrt@ap                        cstackBANK1  000143
vfpfcnvrt@fmt                       cstackBANK1  000141
vfpfcnvrt@fp                        cstackBANK1  00013F
vfpfcnvrt@ll                        cstackBANK1  000147
vfprintf@ap                         cstackBANK1  000153
vfprintf@cfmt                       cstackBANK1  000155
vfprintf@fmt                        cstackBANK1  000151
vfprintf@fp                         cstackBANK1  00014F
wtemp8                              temp         00004C


MODULE INFORMATION

Module		Function		Class		Link	Load	Size
C:\Program Files\Microchip\xc8\v2.36\pic\sources\c99\common\putch.c
		_putch         		CODE           	39A8	0000	2

C:\Program Files\Microchip\xc8\v2.36\pic\sources\c99\common\putch.c estimated size: 2

C:\Program Files\Microchip\xc8\v2.36\pic\sources\c99\common\nf_fputs.c
		_fputs         		CODE           	377A	0000	72

C:\Program Files\Microchip\xc8\v2.36\pic\sources\c99\common\nf_fputs.c estimated size: 72

C:\Program Files\Microchip\xc8\v2.36\pic\sources\c99\common\aomod.c
		___aomod       		CODE           	19EC	0000	358

C:\Program Files\Microchip\xc8\v2.36\pic\sources\c99\common\aomod.c estimated size: 358

C:\Program Files\Microchip\xc8\v2.36\pic\sources\c99\common\nf_sprintf.c
		_sprintf       		CODE           	36D8	0000	82

C:\Program Files\Microchip\xc8\v2.36\pic\sources\c99\common\nf_sprintf.c estimated size: 82

C:\Program Files\Microchip\xc8\v2.36\pic\sources\c99\common\strlen.c
		_strlen        		CODE           	3804	0000	58

C:\Program Files\Microchip\xc8\v2.36\pic\sources\c99\common\strlen.c estimated size: 58

MCAL/GPIO/gpio.c
		_pin_directoin_intialize		CODE           	1B52	0000	330
		_pin_write_value		CODE           	1DDE	0000	306

MCAL/GPIO/gpio.c estimated size: 636

C:\Program Files\Microchip\xc8\v2.36\pic\sources\c99\common\aodiv.c
		___aodiv       		CODE           	16EA	0000	394

C:\Program Files\Microchip\xc8\v2.36\pic\sources\c99\common\aodiv.c estimated size: 394

C:\Program Files\Microchip\xc8\v2.36\pic\sources\c99\common\memset.c
		_memset        		CODE           	1874	0000	376

C:\Program Files\Microchip\xc8\v2.36\pic\sources\c99\common\memset.c estimated size: 376

ECU/LCD/lcd.c
		_short_to_string		CODE           	294C	0000	180
		_lcd_4_bit_init		CODE           	1C9C	0000	322
		_display_char  		CODE           	3034	0000	126
		_lcd_send_enable_4bit		CODE           	362C	0000	86
		_display_char_at_position		CODE           	2BDA	0000	150
		_lcd_4_bit_set_cursor		CODE           	2628	0000	204
		_lcd_send_4bits		CODE           	322A	0000	122
		_display_custom_char		CODE           	2EB2	0000	130
		_display_string_at_position		CODE           	2B3E	0000	156
		_send_command  		CODE           	2FB6	0000	126

ECU/LCD/lcd.c estimated size: 1602

C:\Program Files\Microchip\xc8\v2.36\pic\sources\c99\common\nf_fputc.c
		_fputc         		CODE           	255C	0000	204

C:\Program Files\Microchip\xc8\v2.36\pic\sources\c99\common\nf_fputc.c estimated size: 204

C:\Program Files\Microchip\xc8\v2.36\pic\sources\c99\common\doprnt.c
		_vfpfcnvrt     		CODE           	1522	0000	456
		_pad           		CODE           	2490	0000	204
		_dtoa          		CODE           	1030	0000	762
		_vfprintf      		CODE           	35C8	0000	100

C:\Program Files\Microchip\xc8\v2.36\pic\sources\c99\common\doprnt.c estimated size: 1522

shared
		i1_lcd_send_4bits		CODE           	32A4	0000	122
		i2_lcd_send_4bits		CODE           	3406	0000	116
		i1_display_char_at_position		CODE           	2C70	0000	150
		i2_display_char_at_position		CODE           	2E2A	0000	136
		i2_INT_2_ISR   		CODE           	38CE	0000	48
		i1_send_command		CODE           	30B2	0000	126
		i1_lcd_4_bit_set_cursor		CODE           	26F4	0000	204
		i2_send_command		CODE           	347A	0000	114
		i1_pin_write_value		CODE           	2042	0000	306
		i2_lcd_4_bit_set_cursor		CODE           	288A	0000	194
		i2_pin_write_value		CODE           	2174	0000	300
		i1_display_custom_char		CODE           	2F34	0000	130
		i2_display_custom_char		CODE           	31AE	0000	124
		i2_INT_1_ISR   		CODE           	38FE	0000	48
		__initialization		CODE           	2D9C	0000	132
		i2_int_1_handler		CODE           	22A0	0000	278
		i1_lcd_send_enable_4bit		CODE           	3682	0000	86
		i2_lcd_send_enable_4bit		CODE           	372A	0000	80
		i2_INT_0_ISR   		CODE           	392E	0000	48
		_buttons_array 		SMALLCONST     	0000	0000	0
		i1_display_char		CODE           	3130	0000	126
		i2_display_char		CODE           	34EC	0000	114

shared estimated size: 2982

MCAL/INTERRUPT/interrupt_manager.c
		_InterruptManagerLow		CODE           	0018	0000	174
		_InterruptManagerHigh		CODE           	0008	0000	156

MCAL/INTERRUPT/interrupt_manager.c estimated size: 330

C:\Program Files\Microchip\xc8\v2.36\pic\sources\c99\common\abs.c
		_abs           		CODE           	37C2	0000	66

C:\Program Files\Microchip\xc8\v2.36\pic\sources\c99\common\abs.c estimated size: 66

MCAL/INTERRUPT/external_interrupt.c
		_INTX_select_edge		CODE           	23B6	0000	218
		_INTX_interrupt_handle		CODE           	2AA0	0000	158
		_INT_0_ISR     		CODE           	389E	0000	48
		_INTX_enable   		CODE           	27C0	0000	202
		_Interrupt_INTx_Init		CODE           	355E	0000	106
		_INT_1_ISR     		CODE           	386E	0000	48
		_INTX_disable  		CODE           	331E	0000	116
		_INT_2_ISR     		CODE           	383E	0000	48
		_INTX_clear_flag		CODE           	3392	0000	116
		_INTX_pin_init 		CODE           	2A00	0000	160

MCAL/INTERRUPT/external_interrupt.c estimated size: 1220

MCAL/temp_timer1/timer1.c
		_Timer1_init   		CODE           	39A2	0000	6

MCAL/temp_timer1/timer1.c estimated size: 6

main.c
		_main          		CODE           	132A	0000	504
		_int_1_handler 		CODE           	1F10	0000	306

main.c estimated size: 810

